[2026-03-17 07:17:54 +0800] [849187] [INFO] Starting gunicorn 20.1.0
[2026-03-17 07:17:54 +0800] [849187] [ERROR] Connection in use: ('0.0.0.0', 8086)
[2026-03-17 07:17:54 +0800] [849187] [ERROR] Retrying in 1 second.
[2026-03-17 07:17:55 +0800] [849187] [ERROR] Connection in use: ('0.0.0.0', 8086)
[2026-03-17 07:17:55 +0800] [849187] [ERROR] Retrying in 1 second.
[2026-03-17 07:17:56 +0800] [849187] [ERROR] Connection in use: ('0.0.0.0', 8086)
[2026-03-17 07:17:56 +0800] [849187] [ERROR] Retrying in 1 second.
[2026-03-17 07:17:57 +0800] [849187] [ERROR] Connection in use: ('0.0.0.0', 8086)
[2026-03-17 07:17:57 +0800] [849187] [ERROR] Retrying in 1 second.
[2026-03-17 07:17:58 +0800] [849187] [ERROR] Connection in use: ('0.0.0.0', 8086)
[2026-03-17 07:17:58 +0800] [849187] [ERROR] Retrying in 1 second.
[2026-03-17 07:17:59 +0800] [849187] [ERROR] Can't connect to ('0.0.0.0', 8086)
[2026-03-21 22:14:20 +0800] [1493208] [INFO] Starting gunicorn 20.1.0
[2026-03-21 22:14:20 +0800] [1493208] [INFO] Listening at: http://0.0.0.0:8086 (1493208)
[2026-03-21 22:14:20 +0800] [1493208] [INFO] Using worker: sync
[2026-03-21 22:14:20 +0800] [1493209] [INFO] Booting worker with pid: 1493209
[2026-03-21 22:14:20 +0800] [1493209] [ERROR] Exception in worker process
Traceback (most recent call last):
  File "/usr/lib/python3/dist-packages/gunicorn/arbiter.py", line 589, in spawn_worker
    worker.init_process()
  File "/usr/lib/python3/dist-packages/gunicorn/workers/base.py", line 134, in init_process
    self.load_wsgi()
  File "/usr/lib/python3/dist-packages/gunicorn/workers/base.py", line 146, in load_wsgi
    self.wsgi = self.app.wsgi()
                ^^^^^^^^^^^^^^^
  File "/usr/lib/python3/dist-packages/gunicorn/app/base.py", line 67, in wsgi
    self.callable = self.load()
                    ^^^^^^^^^^^
  File "/usr/lib/python3/dist-packages/gunicorn/app/wsgiapp.py", line 58, in load
    return self.load_wsgiapp()
           ^^^^^^^^^^^^^^^^^^^
  File "/usr/lib/python3/dist-packages/gunicorn/app/wsgiapp.py", line 48, in load_wsgiapp
    return util.import_app(self.app_uri)
           ^^^^^^^^^^^^^^^^^^^^^^^^^^^^^
  File "/usr/lib/python3/dist-packages/gunicorn/util.py", line 384, in import_app
    mod = importlib.import_module(module)
          ^^^^^^^^^^^^^^^^^^^^^^^^^^^^^^^
  File "/usr/lib/python3.12/importlib/__init__.py", line 90, in import_module
    return _bootstrap._gcd_import(name[level:], package, level)
           ^^^^^^^^^^^^^^^^^^^^^^^^^^^^^^^^^^^^^^^^^^^^^^^^^^^^
  File "<frozen importlib._bootstrap>", line 1387, in _gcd_import
  File "<frozen importlib._bootstrap>", line 1360, in _find_and_load
  File "<frozen importlib._bootstrap>", line 1331, in _find_and_load_unlocked
  File "<frozen importlib._bootstrap>", line 935, in _load_unlocked
  File "<frozen importlib._bootstrap_external>", line 991, in exec_module
  File "<frozen importlib._bootstrap_external>", line 1129, in get_code
  File "<frozen importlib._bootstrap_external>", line 1059, in source_to_code
  File "<frozen importlib._bootstrap>", line 488, in _call_with_frames_removed
  File "/opt/kanban-react/backend/app.py", line 308
    c.execute('''
    ^
IndentationError: expected an indented block after 'with' statement on line 306
[2026-03-21 22:14:20 +0800] [1493209] [INFO] Worker exiting (pid: 1493209)
[2026-03-21 22:14:20 +0800] [1493208] [INFO] Shutting down: Master
[2026-03-21 22:14:20 +0800] [1493208] [INFO] Reason: Worker failed to boot.
