[2026-05-02 16:05:12] 开始监控
[2026-05-02 16:05:12] 当前文件数: 680
[2026-05-02 16:05:12] 警告: 5 个零字节文件
[2026-05-02 16:05:12] 磁盘使用率: 30%
[2026-05-02 16:05:12] 监控完成
[2026-05-02 16:10:01] 开始监控
[2026-05-02 16:10:01] 当前文件数: 675
[2026-05-02 16:10:01] 磁盘使用率: 30%
[2026-05-02 16:10:01] 监控完成
[2026-05-02 16:15:01] 开始监控
[2026-05-02 16:15:01] 当前文件数: 675
[2026-05-02 16:15:01] 磁盘使用率: 30%
[2026-05-02 16:15:01] 监控完成
[2026-05-03 00:00:01] 开始监控
[2026-05-03 00:00:01] 当前文件数: 680
[2026-05-03 00:00:01] 磁盘使用率: 30%
[2026-05-03 00:00:01] 监控完成
[2026-05-03 12:00:01] 开始监控
[2026-05-03 12:00:01] 当前文件数: 680
[2026-05-03 12:00:01] 磁盘使用率: 30%
[2026-05-03 12:00:01] 监控完成
[2026-05-04 00:00:01] 开始监控
[2026-05-04 00:00:01] 当前文件数: 680
[2026-05-04 00:00:01] 磁盘使用率: 31%
[2026-05-04 00:00:01] 监控完成
