[2026-04-23 08:49:07] [INFO] ✅ 数据库连接成功 (尝试 1/3)
[2026-04-23 08:49:07] [INFO] SDS v4.4 核心模块初始化完成
[2026-04-23 08:49:07] [INFO] ============================================================
[2026-04-23 08:49:07] [INFO] 🚀 SDS v4.4 调度周期开始
[2026-04-23 08:49:13] [INFO] 🔍 差距分析完成：发现 12 个差距
[2026-04-23 08:49:13] [INFO]    [HIGH] missing_tasks: 项目『Coco邮件协作建立』(#18)处于active状态但无任何任务...
[2026-04-23 08:49:13] [INFO]    [HIGH] missing_tasks: 项目『T109 国际合作拓展』(#62)处于active状态但无任何任务...
[2026-04-23 08:49:13] [INFO]    [HIGH] missing_tasks: 项目『工作流自动化建设』(#66)处于active状态但无任何任务...
[2026-04-23 08:49:13] [INFO]    [MEDIUM] stale_project: 项目『与Coco对接』(#24)超过7天无新任务，最后任务日期：2026-04-11 08:43:59...
[2026-04-23 08:49:13] [INFO]    [MEDIUM] stale_project: 项目『定时任务系统』(#55)超过7天无新任务，最后任务日期：2026-04-06 11:02:36...
[2026-04-23 08:49:13] [INFO]    [MEDIUM] repeated_failure: 任务#337『配置Server 1 UFW防火墙仅开放必要端口...』已连续失败3次，需人工介入或降级处理...
[2026-04-23 08:49:13] [INFO]    [MEDIUM] repeated_failure: 任务#525『[T1] 深云智合 - 定期检查...』已连续失败3次，需人工介入或降级处理...
[2026-04-23 08:49:13] [INFO]    [MEDIUM] repeated_failure: 任务#1527『T4: 财富增值与资产管理 - AI 技术启动规划...』已连续失败3次，需人工介入或降级处理...
[2026-04-23 08:49:13] [INFO]    [MEDIUM] repeated_failure: 任务#1528『T4: 财富增值与资产管理 - 工具平台启动规划...』已连续失败3次，需人工介入或降级处理...
[2026-04-23 08:49:13] [INFO]    [MEDIUM] repeated_failure: 任务#1530『T5: 家庭幸福与子女教育 - 教育规划启动规划...』已连续失败3次，需人工介入或降级处理...
[2026-04-23 08:49:13] [INFO]    [MEDIUM] repeated_failure: 任务#1538『T2: 和光智成商业成功 - A轮融资策略与投资人关系攻坚...』已连续失败3次，需人工介入或降级处理...
[2026-04-23 08:49:13] [INFO]    [MEDIUM] repeated_failure: 任务#1607『T3: 学术影响力与职业发展 - 北航AI全自动化实验室揭牌仪式(4/18)媒体...』已连续失败3次，需人工介入或降级处理...
[2026-04-23 08:49:15] [INFO] ✅ 自动生成Kanban任务#1672: 【SDS自动生成】项目『Coco邮件协作建立』任务拆解与规划...
[2026-04-23 08:49:19] [INFO] ✅ 自动生成Kanban任务#1673: 【SDS自动生成】项目『T109 国际合作拓展』任务拆解与规划...
[2026-04-23 08:49:24] [INFO] ✅ 自动生成Kanban任务#1674: 【SDS自动生成】项目『工作流自动化建设』任务拆解与规划...
[2026-04-23 08:49:28] [INFO] ✅ 自动生成Kanban任务#1675: 【SDS自动生成】项目『与Coco对接』进度回顾与推进...
[2026-04-23 08:49:33] [INFO] ✅ 自动生成Kanban任务#1676: 【SDS自动生成】项目『定时任务系统』进度回顾与推进...
